Partition Merge report for Conecta_topo
Tue Nov 19 15:53:58 2019
Quartus II 64-Bit Version 13.0.0 Build 156 04/24/2013 SJ Web Edition


---------------------
; Table of Contents ;
---------------------
  1. Legal Notice
  2. Partition Merge Summary
  3. Partition Merge Netlist Types Used
  4. Partition Merge Partition Statistics
  5. Partition Merge Partition Pin Processing
  6. Partition Merge Resource Usage Summary
  7. Partition Merge Messages



----------------
; Legal Notice ;
----------------
Copyright (C) 1991-2013 Altera Corporation
Your use of Altera Corporation's design tools, logic functions 
and other software and tools, and its AMPP partner logic 
functions, and any output files from any of the foregoing 
(including device programming or simulation files), and any 
associated documentation or information are expressly subject 
to the terms and conditions of the Altera Program License 
Subscription Agreement, Altera MegaCore Function License 
Agreement, or other applicable license agreement, including, 
without limitation, that your use is for the sole purpose of 
programming logic devices manufactured by Altera and sold by 
Altera or its authorized distributors.  Please refer to the 
applicable agreement for further details.



+---------------------------------------------------------------------------------+
; Partition Merge Summary                                                         ;
+------------------------------------+--------------------------------------------+
; Partition Merge Status             ; Successful - Tue Nov 19 15:53:58 2019      ;
; Quartus II 64-Bit Version          ; 13.0.0 Build 156 04/24/2013 SJ Web Edition ;
; Revision Name                      ; Conecta_topo                               ;
; Top-level Entity Name              ; Conecta_topo                               ;
; Family                             ; Cyclone III                                ;
; Total logic elements               ; 5,598                                      ;
;     Total combinational functions  ; 5,162                                      ;
;     Dedicated logic registers      ; 950                                        ;
; Total registers                    ; 950                                        ;
; Total pins                         ; 194                                        ;
; Total virtual pins                 ; 0                                          ;
; Total memory bits                  ; 0                                          ;
; Embedded Multiplier 9-bit elements ; 0                                          ;
; Total PLLs                         ; 0                                          ;
+------------------------------------+--------------------------------------------+


+-------------------------------------------------------------------------------------------------------------------------------+
; Partition Merge Netlist Types Used                                                                                            ;
+--------------------------------+----------------+-------------------+------------------------+--------------------------------+
; Partition Name                 ; Partition Type ; Netlist Type Used ; Netlist Type Requested ; Partition Contents             ;
+--------------------------------+----------------+-------------------+------------------------+--------------------------------+
; Top                            ; User-created   ; Source File       ; Source File            ;                                ;
; hard_block:auto_generated_inst ; Auto-generated ; Source File       ; Source File            ; hard_block:auto_generated_inst ;
+--------------------------------+----------------+-------------------+------------------------+--------------------------------+


+--------------------------------------------------------------------------------------+
; Partition Merge Partition Statistics                                                 ;
+---------------------------------------------+-------+--------------------------------+
; Statistic                                   ; Top   ; hard_block:auto_generated_inst ;
+---------------------------------------------+-------+--------------------------------+
; Estimated Total logic elements              ; 5598  ; 0                              ;
;                                             ;       ;                                ;
; Total combinational functions               ; 5162  ; 0                              ;
; Logic element usage by number of LUT inputs ;       ;                                ;
;     -- 4 input functions                    ; 4971  ; 0                              ;
;     -- 3 input functions                    ; 151   ; 0                              ;
;     -- <=2 input functions                  ; 40    ; 0                              ;
;                                             ;       ;                                ;
; Logic elements by mode                      ;       ;                                ;
;     -- normal mode                          ; 5162  ; 0                              ;
;     -- arithmetic mode                      ; 0     ; 0                              ;
;                                             ;       ;                                ;
; Total registers                             ; 950   ; 0                              ;
;     -- Dedicated logic registers            ; 950   ; 0                              ;
;                                             ;       ;                                ;
; Virtual pins                                ; 0     ; 0                              ;
; I/O pins                                    ; 194   ; 0                              ;
; Embedded Multiplier 9-bit elements          ; 0     ; 0                              ;
; Total memory bits                           ; 0     ; 0                              ;
; Total RAM block bits                        ; 0     ; 0                              ;
;                                             ;       ;                                ;
; Connections                                 ;       ;                                ;
;     -- Input Connections                    ; 0     ; 0                              ;
;     -- Registered Input Connections         ; 0     ; 0                              ;
;     -- Output Connections                   ; 0     ; 0                              ;
;     -- Registered Output Connections        ; 0     ; 0                              ;
;                                             ;       ;                                ;
; Internal Connections                        ;       ;                                ;
;     -- Total Connections                    ; 23587 ; 0                              ;
;     -- Registered Connections               ; 13113 ; 0                              ;
;                                             ;       ;                                ;
; External Connections                        ;       ;                                ;
;     -- Top                                  ; 0     ; 0                              ;
;     -- hard_block:auto_generated_inst       ; 0     ; 0                              ;
;                                             ;       ;                                ;
; Partition Interface                         ;       ;                                ;
;     -- Input Ports                          ; 66    ; 0                              ;
;     -- Output Ports                         ; 128   ; 0                              ;
;     -- Bidir Ports                          ; 0     ; 0                              ;
;                                             ;       ;                                ;
; Registered Ports                            ;       ;                                ;
;     -- Registered Input Ports               ; 0     ; 0                              ;
;     -- Registered Output Ports              ; 0     ; 0                              ;
;                                             ;       ;                                ;
; Port Connectivity                           ;       ;                                ;
;     -- Input Ports driven by GND            ; 0     ; 0                              ;
;     -- Output Ports driven by GND           ; 0     ; 0                              ;
;     -- Input Ports driven by VCC            ; 0     ; 0                              ;
;     -- Output Ports driven by VCC           ; 0     ; 0                              ;
;     -- Input Ports with no Source           ; 0     ; 0                              ;
;     -- Output Ports with no Source          ; 0     ; 0                              ;
;     -- Input Ports with no Fanout           ; 0     ; 0                              ;
;     -- Output Ports with no Fanout          ; 0     ; 0                              ;
+---------------------------------------------+-------+--------------------------------+
Note: Resource usage numbers presented for Partitions containing post-synthesis logic are estimates.  For Partitions containing post-fit logic, resource usage numbers are accurate based on previous placement information.  Actual Fitter results may vary depending on current Fitter Preservation Level assignments.


+------------------------------------------------------------------------------------+
; Partition Merge Partition Pin Processing                                           ;
+-------------------------------+-----------+---------------+----------+-------------+
; Name                          ; Partition ; Type          ; Location ; Status      ;
+-------------------------------+-----------+---------------+----------+-------------+
; clk                           ; Top       ; Input Port    ; n/a      ;             ;
;     -- clk                    ; Top       ; Input Pad     ; Unplaced ; Synthesized ;
;     -- clk~input              ; Top       ; Input Buffer  ; Unplaced ; Synthesized ;
;                               ;           ;               ;          ;             ;
; entrada0_top[0]               ; Top       ; Input Port    ; n/a      ;             ;
;     -- entrada0_top[0]        ; Top       ; Input Pad     ; Unplaced ; Synthesized ;
;     -- entrada0_top[0]~input  ; Top       ; Input Buffer  ; Unplaced ; Synthesized ;
;                               ;           ;               ;          ;             ;
; entrada0_top[1]               ; Top       ; Input Port    ; n/a      ;             ;
;     -- entrada0_top[1]        ; Top       ; Input Pad     ; Unplaced ; Synthesized ;
;     -- entrada0_top[1]~input  ; Top       ; Input Buffer  ; Unplaced ; Synthesized ;
;                               ;           ;               ;          ;             ;
; entrada0_top[2]               ; Top       ; Input Port    ; n/a      ;             ;
;     -- entrada0_top[2]        ; Top       ; Input Pad     ; Unplaced ; Synthesized ;
;     -- entrada0_top[2]~input  ; Top       ; Input Buffer  ; Unplaced ; Synthesized ;
;                               ;           ;               ;          ;             ;
; entrada0_top[3]               ; Top       ; Input Port    ; n/a      ;             ;
;     -- entrada0_top[3]        ; Top       ; Input Pad     ; Unplaced ; Synthesized ;
;     -- entrada0_top[3]~input  ; Top       ; Input Buffer  ; Unplaced ; Synthesized ;
;                               ;           ;               ;          ;             ;
; entrada0_top[4]               ; Top       ; Input Port    ; n/a      ;             ;
;     -- entrada0_top[4]        ; Top       ; Input Pad     ; Unplaced ; Synthesized ;
;     -- entrada0_top[4]~input  ; Top       ; Input Buffer  ; Unplaced ; Synthesized ;
;                               ;           ;               ;          ;             ;
; entrada0_top[5]               ; Top       ; Input Port    ; n/a      ;             ;
;     -- entrada0_top[5]        ; Top       ; Input Pad     ; Unplaced ; Synthesized ;
;     -- entrada0_top[5]~input  ; Top       ; Input Buffer  ; Unplaced ; Synthesized ;
;                               ;           ;               ;          ;             ;
; entrada0_top[6]               ; Top       ; Input Port    ; n/a      ;             ;
;     -- entrada0_top[6]        ; Top       ; Input Pad     ; Unplaced ; Synthesized ;
;     -- entrada0_top[6]~input  ; Top       ; Input Buffer  ; Unplaced ; Synthesized ;
;                               ;           ;               ;          ;             ;
; entrada0_top[7]               ; Top       ; Input Port    ; n/a      ;             ;
;     -- entrada0_top[7]        ; Top       ; Input Pad     ; Unplaced ; Synthesized ;
;     -- entrada0_top[7]~input  ; Top       ; Input Buffer  ; Unplaced ; Synthesized ;
;                               ;           ;               ;          ;             ;
; entrada1_top[0]               ; Top       ; Input Port    ; n/a      ;             ;
;     -- entrada1_top[0]        ; Top       ; Input Pad     ; Unplaced ; Synthesized ;
;     -- entrada1_top[0]~input  ; Top       ; Input Buffer  ; Unplaced ; Synthesized ;
;                               ;           ;               ;          ;             ;
; entrada1_top[1]               ; Top       ; Input Port    ; n/a      ;             ;
;     -- entrada1_top[1]        ; Top       ; Input Pad     ; Unplaced ; Synthesized ;
;     -- entrada1_top[1]~input  ; Top       ; Input Buffer  ; Unplaced ; Synthesized ;
;                               ;           ;               ;          ;             ;
; entrada1_top[2]               ; Top       ; Input Port    ; n/a      ;             ;
;     -- entrada1_top[2]        ; Top       ; Input Pad     ; Unplaced ; Synthesized ;
;     -- entrada1_top[2]~input  ; Top       ; Input Buffer  ; Unplaced ; Synthesized ;
;                               ;           ;               ;          ;             ;
; entrada1_top[3]               ; Top       ; Input Port    ; n/a      ;             ;
;     -- entrada1_top[3]        ; Top       ; Input Pad     ; Unplaced ; Synthesized ;
;     -- entrada1_top[3]~input  ; Top       ; Input Buffer  ; Unplaced ; Synthesized ;
;                               ;           ;               ;          ;             ;
; entrada1_top[4]               ; Top       ; Input Port    ; n/a      ;             ;
;     -- entrada1_top[4]        ; Top       ; Input Pad     ; Unplaced ; Synthesized ;
;     -- entrada1_top[4]~input  ; Top       ; Input Buffer  ; Unplaced ; Synthesized ;
;                               ;           ;               ;          ;             ;
; entrada1_top[5]               ; Top       ; Input Port    ; n/a      ;             ;
;     -- entrada1_top[5]        ; Top       ; Input Pad     ; Unplaced ; Synthesized ;
;     -- entrada1_top[5]~input  ; Top       ; Input Buffer  ; Unplaced ; Synthesized ;
;                               ;           ;               ;          ;             ;
; entrada1_top[6]               ; Top       ; Input Port    ; n/a      ;             ;
;     -- entrada1_top[6]        ; Top       ; Input Pad     ; Unplaced ; Synthesized ;
;     -- entrada1_top[6]~input  ; Top       ; Input Buffer  ; Unplaced ; Synthesized ;
;                               ;           ;               ;          ;             ;
; entrada1_top[7]               ; Top       ; Input Port    ; n/a      ;             ;
;     -- entrada1_top[7]        ; Top       ; Input Pad     ; Unplaced ; Synthesized ;
;     -- entrada1_top[7]~input  ; Top       ; Input Buffer  ; Unplaced ; Synthesized ;
;                               ;           ;               ;          ;             ;
; entrada2_top[0]               ; Top       ; Input Port    ; n/a      ;             ;
;     -- entrada2_top[0]        ; Top       ; Input Pad     ; Unplaced ; Synthesized ;
;     -- entrada2_top[0]~input  ; Top       ; Input Buffer  ; Unplaced ; Synthesized ;
;                               ;           ;               ;          ;             ;
; entrada2_top[1]               ; Top       ; Input Port    ; n/a      ;             ;
;     -- entrada2_top[1]        ; Top       ; Input Pad     ; Unplaced ; Synthesized ;
;     -- entrada2_top[1]~input  ; Top       ; Input Buffer  ; Unplaced ; Synthesized ;
;                               ;           ;               ;          ;             ;
; entrada2_top[2]               ; Top       ; Input Port    ; n/a      ;             ;
;     -- entrada2_top[2]        ; Top       ; Input Pad     ; Unplaced ; Synthesized ;
;     -- entrada2_top[2]~input  ; Top       ; Input Buffer  ; Unplaced ; Synthesized ;
;                               ;           ;               ;          ;             ;
; entrada2_top[3]               ; Top       ; Input Port    ; n/a      ;             ;
;     -- entrada2_top[3]        ; Top       ; Input Pad     ; Unplaced ; Synthesized ;
;     -- entrada2_top[3]~input  ; Top       ; Input Buffer  ; Unplaced ; Synthesized ;
;                               ;           ;               ;          ;             ;
; entrada2_top[4]               ; Top       ; Input Port    ; n/a      ;             ;
;     -- entrada2_top[4]        ; Top       ; Input Pad     ; Unplaced ; Synthesized ;
;     -- entrada2_top[4]~input  ; Top       ; Input Buffer  ; Unplaced ; Synthesized ;
;                               ;           ;               ;          ;             ;
; entrada2_top[5]               ; Top       ; Input Port    ; n/a      ;             ;
;     -- entrada2_top[5]        ; Top       ; Input Pad     ; Unplaced ; Synthesized ;
;     -- entrada2_top[5]~input  ; Top       ; Input Buffer  ; Unplaced ; Synthesized ;
;                               ;           ;               ;          ;             ;
; entrada2_top[6]               ; Top       ; Input Port    ; n/a      ;             ;
;     -- entrada2_top[6]        ; Top       ; Input Pad     ; Unplaced ; Synthesized ;
;     -- entrada2_top[6]~input  ; Top       ; Input Buffer  ; Unplaced ; Synthesized ;
;                               ;           ;               ;          ;             ;
; entrada2_top[7]               ; Top       ; Input Port    ; n/a      ;             ;
;     -- entrada2_top[7]        ; Top       ; Input Pad     ; Unplaced ; Synthesized ;
;     -- entrada2_top[7]~input  ; Top       ; Input Buffer  ; Unplaced ; Synthesized ;
;                               ;           ;               ;          ;             ;
; entrada3_top[0]               ; Top       ; Input Port    ; n/a      ;             ;
;     -- entrada3_top[0]        ; Top       ; Input Pad     ; Unplaced ; Synthesized ;
;     -- entrada3_top[0]~input  ; Top       ; Input Buffer  ; Unplaced ; Synthesized ;
;                               ;           ;               ;          ;             ;
; entrada3_top[1]               ; Top       ; Input Port    ; n/a      ;             ;
;     -- entrada3_top[1]        ; Top       ; Input Pad     ; Unplaced ; Synthesized ;
;     -- entrada3_top[1]~input  ; Top       ; Input Buffer  ; Unplaced ; Synthesized ;
;                               ;           ;               ;          ;             ;
; entrada3_top[2]               ; Top       ; Input Port    ; n/a      ;             ;
;     -- entrada3_top[2]        ; Top       ; Input Pad     ; Unplaced ; Synthesized ;
;     -- entrada3_top[2]~input  ; Top       ; Input Buffer  ; Unplaced ; Synthesized ;
;                               ;           ;               ;          ;             ;
; entrada3_top[3]               ; Top       ; Input Port    ; n/a      ;             ;
;     -- entrada3_top[3]        ; Top       ; Input Pad     ; Unplaced ; Synthesized ;
;     -- entrada3_top[3]~input  ; Top       ; Input Buffer  ; Unplaced ; Synthesized ;
;                               ;           ;               ;          ;             ;
; entrada3_top[4]               ; Top       ; Input Port    ; n/a      ;             ;
;     -- entrada3_top[4]        ; Top       ; Input Pad     ; Unplaced ; Synthesized ;
;     -- entrada3_top[4]~input  ; Top       ; Input Buffer  ; Unplaced ; Synthesized ;
;                               ;           ;               ;          ;             ;
; entrada3_top[5]               ; Top       ; Input Port    ; n/a      ;             ;
;     -- entrada3_top[5]        ; Top       ; Input Pad     ; Unplaced ; Synthesized ;
;     -- entrada3_top[5]~input  ; Top       ; Input Buffer  ; Unplaced ; Synthesized ;
;                               ;           ;               ;          ;             ;
; entrada3_top[6]               ; Top       ; Input Port    ; n/a      ;             ;
;     -- entrada3_top[6]        ; Top       ; Input Pad     ; Unplaced ; Synthesized ;
;     -- entrada3_top[6]~input  ; Top       ; Input Buffer  ; Unplaced ; Synthesized ;
;                               ;           ;               ;          ;             ;
; entrada3_top[7]               ; Top       ; Input Port    ; n/a      ;             ;
;     -- entrada3_top[7]        ; Top       ; Input Pad     ; Unplaced ; Synthesized ;
;     -- entrada3_top[7]~input  ; Top       ; Input Buffer  ; Unplaced ; Synthesized ;
;                               ;           ;               ;          ;             ;
; entrada4_top[0]               ; Top       ; Input Port    ; n/a      ;             ;
;     -- entrada4_top[0]        ; Top       ; Input Pad     ; Unplaced ; Synthesized ;
;     -- entrada4_top[0]~input  ; Top       ; Input Buffer  ; Unplaced ; Synthesized ;
;                               ;           ;               ;          ;             ;
; entrada4_top[1]               ; Top       ; Input Port    ; n/a      ;             ;
;     -- entrada4_top[1]        ; Top       ; Input Pad     ; Unplaced ; Synthesized ;
;     -- entrada4_top[1]~input  ; Top       ; Input Buffer  ; Unplaced ; Synthesized ;
;                               ;           ;               ;          ;             ;
; entrada4_top[2]               ; Top       ; Input Port    ; n/a      ;             ;
;     -- entrada4_top[2]        ; Top       ; Input Pad     ; Unplaced ; Synthesized ;
;     -- entrada4_top[2]~input  ; Top       ; Input Buffer  ; Unplaced ; Synthesized ;
;                               ;           ;               ;          ;             ;
; entrada4_top[3]               ; Top       ; Input Port    ; n/a      ;             ;
;     -- entrada4_top[3]        ; Top       ; Input Pad     ; Unplaced ; Synthesized ;
;     -- entrada4_top[3]~input  ; Top       ; Input Buffer  ; Unplaced ; Synthesized ;
;                               ;           ;               ;          ;             ;
; entrada4_top[4]               ; Top       ; Input Port    ; n/a      ;             ;
;     -- entrada4_top[4]        ; Top       ; Input Pad     ; Unplaced ; Synthesized ;
;     -- entrada4_top[4]~input  ; Top       ; Input Buffer  ; Unplaced ; Synthesized ;
;                               ;           ;               ;          ;             ;
; entrada4_top[5]               ; Top       ; Input Port    ; n/a      ;             ;
;     -- entrada4_top[5]        ; Top       ; Input Pad     ; Unplaced ; Synthesized ;
;     -- entrada4_top[5]~input  ; Top       ; Input Buffer  ; Unplaced ; Synthesized ;
;                               ;           ;               ;          ;             ;
; entrada4_top[6]               ; Top       ; Input Port    ; n/a      ;             ;
;     -- entrada4_top[6]        ; Top       ; Input Pad     ; Unplaced ; Synthesized ;
;     -- entrada4_top[6]~input  ; Top       ; Input Buffer  ; Unplaced ; Synthesized ;
;                               ;           ;               ;          ;             ;
; entrada4_top[7]               ; Top       ; Input Port    ; n/a      ;             ;
;     -- entrada4_top[7]        ; Top       ; Input Pad     ; Unplaced ; Synthesized ;
;     -- entrada4_top[7]~input  ; Top       ; Input Buffer  ; Unplaced ; Synthesized ;
;                               ;           ;               ;          ;             ;
; entrada5_top[0]               ; Top       ; Input Port    ; n/a      ;             ;
;     -- entrada5_top[0]        ; Top       ; Input Pad     ; Unplaced ; Synthesized ;
;     -- entrada5_top[0]~input  ; Top       ; Input Buffer  ; Unplaced ; Synthesized ;
;                               ;           ;               ;          ;             ;
; entrada5_top[1]               ; Top       ; Input Port    ; n/a      ;             ;
;     -- entrada5_top[1]        ; Top       ; Input Pad     ; Unplaced ; Synthesized ;
;     -- entrada5_top[1]~input  ; Top       ; Input Buffer  ; Unplaced ; Synthesized ;
;                               ;           ;               ;          ;             ;
; entrada5_top[2]               ; Top       ; Input Port    ; n/a      ;             ;
;     -- entrada5_top[2]        ; Top       ; Input Pad     ; Unplaced ; Synthesized ;
;     -- entrada5_top[2]~input  ; Top       ; Input Buffer  ; Unplaced ; Synthesized ;
;                               ;           ;               ;          ;             ;
; entrada5_top[3]               ; Top       ; Input Port    ; n/a      ;             ;
;     -- entrada5_top[3]        ; Top       ; Input Pad     ; Unplaced ; Synthesized ;
;     -- entrada5_top[3]~input  ; Top       ; Input Buffer  ; Unplaced ; Synthesized ;
;                               ;           ;               ;          ;             ;
; entrada5_top[4]               ; Top       ; Input Port    ; n/a      ;             ;
;     -- entrada5_top[4]        ; Top       ; Input Pad     ; Unplaced ; Synthesized ;
;     -- entrada5_top[4]~input  ; Top       ; Input Buffer  ; Unplaced ; Synthesized ;
;                               ;           ;               ;          ;             ;
; entrada5_top[5]               ; Top       ; Input Port    ; n/a      ;             ;
;     -- entrada5_top[5]        ; Top       ; Input Pad     ; Unplaced ; Synthesized ;
;     -- entrada5_top[5]~input  ; Top       ; Input Buffer  ; Unplaced ; Synthesized ;
;                               ;           ;               ;          ;             ;
; entrada5_top[6]               ; Top       ; Input Port    ; n/a      ;             ;
;     -- entrada5_top[6]        ; Top       ; Input Pad     ; Unplaced ; Synthesized ;
;     -- entrada5_top[6]~input  ; Top       ; Input Buffer  ; Unplaced ; Synthesized ;
;                               ;           ;               ;          ;             ;
; entrada5_top[7]               ; Top       ; Input Port    ; n/a      ;             ;
;     -- entrada5_top[7]        ; Top       ; Input Pad     ; Unplaced ; Synthesized ;
;     -- entrada5_top[7]~input  ; Top       ; Input Buffer  ; Unplaced ; Synthesized ;
;                               ;           ;               ;          ;             ;
; entrada6_top[0]               ; Top       ; Input Port    ; n/a      ;             ;
;     -- entrada6_top[0]        ; Top       ; Input Pad     ; Unplaced ; Synthesized ;
;     -- entrada6_top[0]~input  ; Top       ; Input Buffer  ; Unplaced ; Synthesized ;
;                               ;           ;               ;          ;             ;
; entrada6_top[1]               ; Top       ; Input Port    ; n/a      ;             ;
;     -- entrada6_top[1]        ; Top       ; Input Pad     ; Unplaced ; Synthesized ;
;     -- entrada6_top[1]~input  ; Top       ; Input Buffer  ; Unplaced ; Synthesized ;
;                               ;           ;               ;          ;             ;
; entrada6_top[2]               ; Top       ; Input Port    ; n/a      ;             ;
;     -- entrada6_top[2]        ; Top       ; Input Pad     ; Unplaced ; Synthesized ;
;     -- entrada6_top[2]~input  ; Top       ; Input Buffer  ; Unplaced ; Synthesized ;
;                               ;           ;               ;          ;             ;
; entrada6_top[3]               ; Top       ; Input Port    ; n/a      ;             ;
;     -- entrada6_top[3]        ; Top       ; Input Pad     ; Unplaced ; Synthesized ;
;     -- entrada6_top[3]~input  ; Top       ; Input Buffer  ; Unplaced ; Synthesized ;
;                               ;           ;               ;          ;             ;
; entrada6_top[4]               ; Top       ; Input Port    ; n/a      ;             ;
;     -- entrada6_top[4]        ; Top       ; Input Pad     ; Unplaced ; Synthesized ;
;     -- entrada6_top[4]~input  ; Top       ; Input Buffer  ; Unplaced ; Synthesized ;
;                               ;           ;               ;          ;             ;
; entrada6_top[5]               ; Top       ; Input Port    ; n/a      ;             ;
;     -- entrada6_top[5]        ; Top       ; Input Pad     ; Unplaced ; Synthesized ;
;     -- entrada6_top[5]~input  ; Top       ; Input Buffer  ; Unplaced ; Synthesized ;
;                               ;           ;               ;          ;             ;
; entrada6_top[6]               ; Top       ; Input Port    ; n/a      ;             ;
;     -- entrada6_top[6]        ; Top       ; Input Pad     ; Unplaced ; Synthesized ;
;     -- entrada6_top[6]~input  ; Top       ; Input Buffer  ; Unplaced ; Synthesized ;
;                               ;           ;               ;          ;             ;
; entrada6_top[7]               ; Top       ; Input Port    ; n/a      ;             ;
;     -- entrada6_top[7]        ; Top       ; Input Pad     ; Unplaced ; Synthesized ;
;     -- entrada6_top[7]~input  ; Top       ; Input Buffer  ; Unplaced ; Synthesized ;
;                               ;           ;               ;          ;             ;
; entrada7_top[0]               ; Top       ; Input Port    ; n/a      ;             ;
;     -- entrada7_top[0]        ; Top       ; Input Pad     ; Unplaced ; Synthesized ;
;     -- entrada7_top[0]~input  ; Top       ; Input Buffer  ; Unplaced ; Synthesized ;
;                               ;           ;               ;          ;             ;
; entrada7_top[1]               ; Top       ; Input Port    ; n/a      ;             ;
;     -- entrada7_top[1]        ; Top       ; Input Pad     ; Unplaced ; Synthesized ;
;     -- entrada7_top[1]~input  ; Top       ; Input Buffer  ; Unplaced ; Synthesized ;
;                               ;           ;               ;          ;             ;
; entrada7_top[2]               ; Top       ; Input Port    ; n/a      ;             ;
;     -- entrada7_top[2]        ; Top       ; Input Pad     ; Unplaced ; Synthesized ;
;     -- entrada7_top[2]~input  ; Top       ; Input Buffer  ; Unplaced ; Synthesized ;
;                               ;           ;               ;          ;             ;
; entrada7_top[3]               ; Top       ; Input Port    ; n/a      ;             ;
;     -- entrada7_top[3]        ; Top       ; Input Pad     ; Unplaced ; Synthesized ;
;     -- entrada7_top[3]~input  ; Top       ; Input Buffer  ; Unplaced ; Synthesized ;
;                               ;           ;               ;          ;             ;
; entrada7_top[4]               ; Top       ; Input Port    ; n/a      ;             ;
;     -- entrada7_top[4]        ; Top       ; Input Pad     ; Unplaced ; Synthesized ;
;     -- entrada7_top[4]~input  ; Top       ; Input Buffer  ; Unplaced ; Synthesized ;
;                               ;           ;               ;          ;             ;
; entrada7_top[5]               ; Top       ; Input Port    ; n/a      ;             ;
;     -- entrada7_top[5]        ; Top       ; Input Pad     ; Unplaced ; Synthesized ;
;     -- entrada7_top[5]~input  ; Top       ; Input Buffer  ; Unplaced ; Synthesized ;
;                               ;           ;               ;          ;             ;
; entrada7_top[6]               ; Top       ; Input Port    ; n/a      ;             ;
;     -- entrada7_top[6]        ; Top       ; Input Pad     ; Unplaced ; Synthesized ;
;     -- entrada7_top[6]~input  ; Top       ; Input Buffer  ; Unplaced ; Synthesized ;
;                               ;           ;               ;          ;             ;
; entrada7_top[7]               ; Top       ; Input Port    ; n/a      ;             ;
;     -- entrada7_top[7]        ; Top       ; Input Pad     ; Unplaced ; Synthesized ;
;     -- entrada7_top[7]~input  ; Top       ; Input Buffer  ; Unplaced ; Synthesized ;
;                               ;           ;               ;          ;             ;
; out0Add_top[0]                ; Top       ; Output Port   ; n/a      ;             ;
;     -- out0Add_top[0]         ; Top       ; Output Pad    ; Unplaced ; Synthesized ;
;     -- out0Add_top[0]~output  ; Top       ; Output Buffer ; Unplaced ; Synthesized ;
;                               ;           ;               ;          ;             ;
; out0Add_top[1]                ; Top       ; Output Port   ; n/a      ;             ;
;     -- out0Add_top[1]         ; Top       ; Output Pad    ; Unplaced ; Synthesized ;
;     -- out0Add_top[1]~output  ; Top       ; Output Buffer ; Unplaced ; Synthesized ;
;                               ;           ;               ;          ;             ;
; out0Add_top[2]                ; Top       ; Output Port   ; n/a      ;             ;
;     -- out0Add_top[2]         ; Top       ; Output Pad    ; Unplaced ; Synthesized ;
;     -- out0Add_top[2]~output  ; Top       ; Output Buffer ; Unplaced ; Synthesized ;
;                               ;           ;               ;          ;             ;
; out0Add_top[3]                ; Top       ; Output Port   ; n/a      ;             ;
;     -- out0Add_top[3]         ; Top       ; Output Pad    ; Unplaced ; Synthesized ;
;     -- out0Add_top[3]~output  ; Top       ; Output Buffer ; Unplaced ; Synthesized ;
;                               ;           ;               ;          ;             ;
; out0Add_top[4]                ; Top       ; Output Port   ; n/a      ;             ;
;     -- out0Add_top[4]         ; Top       ; Output Pad    ; Unplaced ; Synthesized ;
;     -- out0Add_top[4]~output  ; Top       ; Output Buffer ; Unplaced ; Synthesized ;
;                               ;           ;               ;          ;             ;
; out0Add_top[5]                ; Top       ; Output Port   ; n/a      ;             ;
;     -- out0Add_top[5]         ; Top       ; Output Pad    ; Unplaced ; Synthesized ;
;     -- out0Add_top[5]~output  ; Top       ; Output Buffer ; Unplaced ; Synthesized ;
;                               ;           ;               ;          ;             ;
; out0Add_top[6]                ; Top       ; Output Port   ; n/a      ;             ;
;     -- out0Add_top[6]         ; Top       ; Output Pad    ; Unplaced ; Synthesized ;
;     -- out0Add_top[6]~output  ; Top       ; Output Buffer ; Unplaced ; Synthesized ;
;                               ;           ;               ;          ;             ;
; out0Add_top[7]                ; Top       ; Output Port   ; n/a      ;             ;
;     -- out0Add_top[7]         ; Top       ; Output Pad    ; Unplaced ; Synthesized ;
;     -- out0Add_top[7]~output  ; Top       ; Output Buffer ; Unplaced ; Synthesized ;
;                               ;           ;               ;          ;             ;
; out10Add_top[0]               ; Top       ; Output Port   ; n/a      ;             ;
;     -- out10Add_top[0]        ; Top       ; Output Pad    ; Unplaced ; Synthesized ;
;     -- out10Add_top[0]~output ; Top       ; Output Buffer ; Unplaced ; Synthesized ;
;                               ;           ;               ;          ;             ;
; out10Add_top[1]               ; Top       ; Output Port   ; n/a      ;             ;
;     -- out10Add_top[1]        ; Top       ; Output Pad    ; Unplaced ; Synthesized ;
;     -- out10Add_top[1]~output ; Top       ; Output Buffer ; Unplaced ; Synthesized ;
;                               ;           ;               ;          ;             ;
; out10Add_top[2]               ; Top       ; Output Port   ; n/a      ;             ;
;     -- out10Add_top[2]        ; Top       ; Output Pad    ; Unplaced ; Synthesized ;
;     -- out10Add_top[2]~output ; Top       ; Output Buffer ; Unplaced ; Synthesized ;
;                               ;           ;               ;          ;             ;
; out10Add_top[3]               ; Top       ; Output Port   ; n/a      ;             ;
;     -- out10Add_top[3]        ; Top       ; Output Pad    ; Unplaced ; Synthesized ;
;     -- out10Add_top[3]~output ; Top       ; Output Buffer ; Unplaced ; Synthesized ;
;                               ;           ;               ;          ;             ;
; out10Add_top[4]               ; Top       ; Output Port   ; n/a      ;             ;
;     -- out10Add_top[4]        ; Top       ; Output Pad    ; Unplaced ; Synthesized ;
;     -- out10Add_top[4]~output ; Top       ; Output Buffer ; Unplaced ; Synthesized ;
;                               ;           ;               ;          ;             ;
; out10Add_top[5]               ; Top       ; Output Port   ; n/a      ;             ;
;     -- out10Add_top[5]        ; Top       ; Output Pad    ; Unplaced ; Synthesized ;
;     -- out10Add_top[5]~output ; Top       ; Output Buffer ; Unplaced ; Synthesized ;
;                               ;           ;               ;          ;             ;
; out10Add_top[6]               ; Top       ; Output Port   ; n/a      ;             ;
;     -- out10Add_top[6]        ; Top       ; Output Pad    ; Unplaced ; Synthesized ;
;     -- out10Add_top[6]~output ; Top       ; Output Buffer ; Unplaced ; Synthesized ;
;                               ;           ;               ;          ;             ;
; out10Add_top[7]               ; Top       ; Output Port   ; n/a      ;             ;
;     -- out10Add_top[7]        ; Top       ; Output Pad    ; Unplaced ; Synthesized ;
;     -- out10Add_top[7]~output ; Top       ; Output Buffer ; Unplaced ; Synthesized ;
;                               ;           ;               ;          ;             ;
; out11Add_top[0]               ; Top       ; Output Port   ; n/a      ;             ;
;     -- out11Add_top[0]        ; Top       ; Output Pad    ; Unplaced ; Synthesized ;
;     -- out11Add_top[0]~output ; Top       ; Output Buffer ; Unplaced ; Synthesized ;
;                               ;           ;               ;          ;             ;
; out11Add_top[1]               ; Top       ; Output Port   ; n/a      ;             ;
;     -- out11Add_top[1]        ; Top       ; Output Pad    ; Unplaced ; Synthesized ;
;     -- out11Add_top[1]~output ; Top       ; Output Buffer ; Unplaced ; Synthesized ;
;                               ;           ;               ;          ;             ;
; out11Add_top[2]               ; Top       ; Output Port   ; n/a      ;             ;
;     -- out11Add_top[2]        ; Top       ; Output Pad    ; Unplaced ; Synthesized ;
;     -- out11Add_top[2]~output ; Top       ; Output Buffer ; Unplaced ; Synthesized ;
;                               ;           ;               ;          ;             ;
; out11Add_top[3]               ; Top       ; Output Port   ; n/a      ;             ;
;     -- out11Add_top[3]        ; Top       ; Output Pad    ; Unplaced ; Synthesized ;
;     -- out11Add_top[3]~output ; Top       ; Output Buffer ; Unplaced ; Synthesized ;
;                               ;           ;               ;          ;             ;
; out11Add_top[4]               ; Top       ; Output Port   ; n/a      ;             ;
;     -- out11Add_top[4]        ; Top       ; Output Pad    ; Unplaced ; Synthesized ;
;     -- out11Add_top[4]~output ; Top       ; Output Buffer ; Unplaced ; Synthesized ;
;                               ;           ;               ;          ;             ;
; out11Add_top[5]               ; Top       ; Output Port   ; n/a      ;             ;
;     -- out11Add_top[5]        ; Top       ; Output Pad    ; Unplaced ; Synthesized ;
;     -- out11Add_top[5]~output ; Top       ; Output Buffer ; Unplaced ; Synthesized ;
;                               ;           ;               ;          ;             ;
; out11Add_top[6]               ; Top       ; Output Port   ; n/a      ;             ;
;     -- out11Add_top[6]        ; Top       ; Output Pad    ; Unplaced ; Synthesized ;
;     -- out11Add_top[6]~output ; Top       ; Output Buffer ; Unplaced ; Synthesized ;
;                               ;           ;               ;          ;             ;
; out11Add_top[7]               ; Top       ; Output Port   ; n/a      ;             ;
;     -- out11Add_top[7]        ; Top       ; Output Pad    ; Unplaced ; Synthesized ;
;     -- out11Add_top[7]~output ; Top       ; Output Buffer ; Unplaced ; Synthesized ;
;                               ;           ;               ;          ;             ;
; out12Add_top[0]               ; Top       ; Output Port   ; n/a      ;             ;
;     -- out12Add_top[0]        ; Top       ; Output Pad    ; Unplaced ; Synthesized ;
;     -- out12Add_top[0]~output ; Top       ; Output Buffer ; Unplaced ; Synthesized ;
;                               ;           ;               ;          ;             ;
; out12Add_top[1]               ; Top       ; Output Port   ; n/a      ;             ;
;     -- out12Add_top[1]        ; Top       ; Output Pad    ; Unplaced ; Synthesized ;
;     -- out12Add_top[1]~output ; Top       ; Output Buffer ; Unplaced ; Synthesized ;
;                               ;           ;               ;          ;             ;
; out12Add_top[2]               ; Top       ; Output Port   ; n/a      ;             ;
;     -- out12Add_top[2]        ; Top       ; Output Pad    ; Unplaced ; Synthesized ;
;     -- out12Add_top[2]~output ; Top       ; Output Buffer ; Unplaced ; Synthesized ;
;                               ;           ;               ;          ;             ;
; out12Add_top[3]               ; Top       ; Output Port   ; n/a      ;             ;
;     -- out12Add_top[3]        ; Top       ; Output Pad    ; Unplaced ; Synthesized ;
;     -- out12Add_top[3]~output ; Top       ; Output Buffer ; Unplaced ; Synthesized ;
;                               ;           ;               ;          ;             ;
; out12Add_top[4]               ; Top       ; Output Port   ; n/a      ;             ;
;     -- out12Add_top[4]        ; Top       ; Output Pad    ; Unplaced ; Synthesized ;
;     -- out12Add_top[4]~output ; Top       ; Output Buffer ; Unplaced ; Synthesized ;
;                               ;           ;               ;          ;             ;
; out12Add_top[5]               ; Top       ; Output Port   ; n/a      ;             ;
;     -- out12Add_top[5]        ; Top       ; Output Pad    ; Unplaced ; Synthesized ;
;     -- out12Add_top[5]~output ; Top       ; Output Buffer ; Unplaced ; Synthesized ;
;                               ;           ;               ;          ;             ;
; out12Add_top[6]               ; Top       ; Output Port   ; n/a      ;             ;
;     -- out12Add_top[6]        ; Top       ; Output Pad    ; Unplaced ; Synthesized ;
;     -- out12Add_top[6]~output ; Top       ; Output Buffer ; Unplaced ; Synthesized ;
;                               ;           ;               ;          ;             ;
; out12Add_top[7]               ; Top       ; Output Port   ; n/a      ;             ;
;     -- out12Add_top[7]        ; Top       ; Output Pad    ; Unplaced ; Synthesized ;
;     -- out12Add_top[7]~output ; Top       ; Output Buffer ; Unplaced ; Synthesized ;
;                               ;           ;               ;          ;             ;
; out13Add_top[0]               ; Top       ; Output Port   ; n/a      ;             ;
;     -- out13Add_top[0]        ; Top       ; Output Pad    ; Unplaced ; Synthesized ;
;     -- out13Add_top[0]~output ; Top       ; Output Buffer ; Unplaced ; Synthesized ;
;                               ;           ;               ;          ;             ;
; out13Add_top[1]               ; Top       ; Output Port   ; n/a      ;             ;
;     -- out13Add_top[1]        ; Top       ; Output Pad    ; Unplaced ; Synthesized ;
;     -- out13Add_top[1]~output ; Top       ; Output Buffer ; Unplaced ; Synthesized ;
;                               ;           ;               ;          ;             ;
; out13Add_top[2]               ; Top       ; Output Port   ; n/a      ;             ;
;     -- out13Add_top[2]        ; Top       ; Output Pad    ; Unplaced ; Synthesized ;
;     -- out13Add_top[2]~output ; Top       ; Output Buffer ; Unplaced ; Synthesized ;
;                               ;           ;               ;          ;             ;
; out13Add_top[3]               ; Top       ; Output Port   ; n/a      ;             ;
;     -- out13Add_top[3]        ; Top       ; Output Pad    ; Unplaced ; Synthesized ;
;     -- out13Add_top[3]~output ; Top       ; Output Buffer ; Unplaced ; Synthesized ;
;                               ;           ;               ;          ;             ;
; out13Add_top[4]               ; Top       ; Output Port   ; n/a      ;             ;
;     -- out13Add_top[4]        ; Top       ; Output Pad    ; Unplaced ; Synthesized ;
;     -- out13Add_top[4]~output ; Top       ; Output Buffer ; Unplaced ; Synthesized ;
;                               ;           ;               ;          ;             ;
; out13Add_top[5]               ; Top       ; Output Port   ; n/a      ;             ;
;     -- out13Add_top[5]        ; Top       ; Output Pad    ; Unplaced ; Synthesized ;
;     -- out13Add_top[5]~output ; Top       ; Output Buffer ; Unplaced ; Synthesized ;
;                               ;           ;               ;          ;             ;
; out13Add_top[6]               ; Top       ; Output Port   ; n/a      ;             ;
;     -- out13Add_top[6]        ; Top       ; Output Pad    ; Unplaced ; Synthesized ;
;     -- out13Add_top[6]~output ; Top       ; Output Buffer ; Unplaced ; Synthesized ;
;                               ;           ;               ;          ;             ;
; out13Add_top[7]               ; Top       ; Output Port   ; n/a      ;             ;
;     -- out13Add_top[7]        ; Top       ; Output Pad    ; Unplaced ; Synthesized ;
;     -- out13Add_top[7]~output ; Top       ; Output Buffer ; Unplaced ; Synthesized ;
;                               ;           ;               ;          ;             ;
; out14Add_top[0]               ; Top       ; Output Port   ; n/a      ;             ;
;     -- out14Add_top[0]        ; Top       ; Output Pad    ; Unplaced ; Synthesized ;
;     -- out14Add_top[0]~output ; Top       ; Output Buffer ; Unplaced ; Synthesized ;
;                               ;           ;               ;          ;             ;
; out14Add_top[1]               ; Top       ; Output Port   ; n/a      ;             ;
;     -- out14Add_top[1]        ; Top       ; Output Pad    ; Unplaced ; Synthesized ;
;     -- out14Add_top[1]~output ; Top       ; Output Buffer ; Unplaced ; Synthesized ;
;                               ;           ;               ;          ;             ;
; out14Add_top[2]               ; Top       ; Output Port   ; n/a      ;             ;
;     -- out14Add_top[2]        ; Top       ; Output Pad    ; Unplaced ; Synthesized ;
;     -- out14Add_top[2]~output ; Top       ; Output Buffer ; Unplaced ; Synthesized ;
;                               ;           ;               ;          ;             ;
; out14Add_top[3]               ; Top       ; Output Port   ; n/a      ;             ;
;     -- out14Add_top[3]        ; Top       ; Output Pad    ; Unplaced ; Synthesized ;
;     -- out14Add_top[3]~output ; Top       ; Output Buffer ; Unplaced ; Synthesized ;
;                               ;           ;               ;          ;             ;
; out14Add_top[4]               ; Top       ; Output Port   ; n/a      ;             ;
;     -- out14Add_top[4]        ; Top       ; Output Pad    ; Unplaced ; Synthesized ;
;     -- out14Add_top[4]~output ; Top       ; Output Buffer ; Unplaced ; Synthesized ;
;                               ;           ;               ;          ;             ;
; out14Add_top[5]               ; Top       ; Output Port   ; n/a      ;             ;
;     -- out14Add_top[5]        ; Top       ; Output Pad    ; Unplaced ; Synthesized ;
;     -- out14Add_top[5]~output ; Top       ; Output Buffer ; Unplaced ; Synthesized ;
;                               ;           ;               ;          ;             ;
; out14Add_top[6]               ; Top       ; Output Port   ; n/a      ;             ;
;     -- out14Add_top[6]        ; Top       ; Output Pad    ; Unplaced ; Synthesized ;
;     -- out14Add_top[6]~output ; Top       ; Output Buffer ; Unplaced ; Synthesized ;
;                               ;           ;               ;          ;             ;
; out14Add_top[7]               ; Top       ; Output Port   ; n/a      ;             ;
;     -- out14Add_top[7]        ; Top       ; Output Pad    ; Unplaced ; Synthesized ;
;     -- out14Add_top[7]~output ; Top       ; Output Buffer ; Unplaced ; Synthesized ;
;                               ;           ;               ;          ;             ;
; out15Add_top[0]               ; Top       ; Output Port   ; n/a      ;             ;
;     -- out15Add_top[0]        ; Top       ; Output Pad    ; Unplaced ; Synthesized ;
;     -- out15Add_top[0]~output ; Top       ; Output Buffer ; Unplaced ; Synthesized ;
;                               ;           ;               ;          ;             ;
; out15Add_top[1]               ; Top       ; Output Port   ; n/a      ;             ;
;     -- out15Add_top[1]        ; Top       ; Output Pad    ; Unplaced ; Synthesized ;
;     -- out15Add_top[1]~output ; Top       ; Output Buffer ; Unplaced ; Synthesized ;
;                               ;           ;               ;          ;             ;
; out15Add_top[2]               ; Top       ; Output Port   ; n/a      ;             ;
;     -- out15Add_top[2]        ; Top       ; Output Pad    ; Unplaced ; Synthesized ;
;     -- out15Add_top[2]~output ; Top       ; Output Buffer ; Unplaced ; Synthesized ;
;                               ;           ;               ;          ;             ;
; out15Add_top[3]               ; Top       ; Output Port   ; n/a      ;             ;
;     -- out15Add_top[3]        ; Top       ; Output Pad    ; Unplaced ; Synthesized ;
;     -- out15Add_top[3]~output ; Top       ; Output Buffer ; Unplaced ; Synthesized ;
;                               ;           ;               ;          ;             ;
; out15Add_top[4]               ; Top       ; Output Port   ; n/a      ;             ;
;     -- out15Add_top[4]        ; Top       ; Output Pad    ; Unplaced ; Synthesized ;
;     -- out15Add_top[4]~output ; Top       ; Output Buffer ; Unplaced ; Synthesized ;
;                               ;           ;               ;          ;             ;
; out15Add_top[5]               ; Top       ; Output Port   ; n/a      ;             ;
;     -- out15Add_top[5]        ; Top       ; Output Pad    ; Unplaced ; Synthesized ;
;     -- out15Add_top[5]~output ; Top       ; Output Buffer ; Unplaced ; Synthesized ;
;                               ;           ;               ;          ;             ;
; out15Add_top[6]               ; Top       ; Output Port   ; n/a      ;             ;
;     -- out15Add_top[6]        ; Top       ; Output Pad    ; Unplaced ; Synthesized ;
;     -- out15Add_top[6]~output ; Top       ; Output Buffer ; Unplaced ; Synthesized ;
;                               ;           ;               ;          ;             ;
; out15Add_top[7]               ; Top       ; Output Port   ; n/a      ;             ;
;     -- out15Add_top[7]        ; Top       ; Output Pad    ; Unplaced ; Synthesized ;
;     -- out15Add_top[7]~output ; Top       ; Output Buffer ; Unplaced ; Synthesized ;
;                               ;           ;               ;          ;             ;
; out1Add_top[0]                ; Top       ; Output Port   ; n/a      ;             ;
;     -- out1Add_top[0]         ; Top       ; Output Pad    ; Unplaced ; Synthesized ;
;     -- out1Add_top[0]~output  ; Top       ; Output Buffer ; Unplaced ; Synthesized ;
;                               ;           ;               ;          ;             ;
; out1Add_top[1]                ; Top       ; Output Port   ; n/a      ;             ;
;     -- out1Add_top[1]         ; Top       ; Output Pad    ; Unplaced ; Synthesized ;
;     -- out1Add_top[1]~output  ; Top       ; Output Buffer ; Unplaced ; Synthesized ;
;                               ;           ;               ;          ;             ;
; out1Add_top[2]                ; Top       ; Output Port   ; n/a      ;             ;
;     -- out1Add_top[2]         ; Top       ; Output Pad    ; Unplaced ; Synthesized ;
;     -- out1Add_top[2]~output  ; Top       ; Output Buffer ; Unplaced ; Synthesized ;
;                               ;           ;               ;          ;             ;
; out1Add_top[3]                ; Top       ; Output Port   ; n/a      ;             ;
;     -- out1Add_top[3]         ; Top       ; Output Pad    ; Unplaced ; Synthesized ;
;     -- out1Add_top[3]~output  ; Top       ; Output Buffer ; Unplaced ; Synthesized ;
;                               ;           ;               ;          ;             ;
; out1Add_top[4]                ; Top       ; Output Port   ; n/a      ;             ;
;     -- out1Add_top[4]         ; Top       ; Output Pad    ; Unplaced ; Synthesized ;
;     -- out1Add_top[4]~output  ; Top       ; Output Buffer ; Unplaced ; Synthesized ;
;                               ;           ;               ;          ;             ;
; out1Add_top[5]                ; Top       ; Output Port   ; n/a      ;             ;
;     -- out1Add_top[5]         ; Top       ; Output Pad    ; Unplaced ; Synthesized ;
;     -- out1Add_top[5]~output  ; Top       ; Output Buffer ; Unplaced ; Synthesized ;
;                               ;           ;               ;          ;             ;
; out1Add_top[6]                ; Top       ; Output Port   ; n/a      ;             ;
;     -- out1Add_top[6]         ; Top       ; Output Pad    ; Unplaced ; Synthesized ;
;     -- out1Add_top[6]~output  ; Top       ; Output Buffer ; Unplaced ; Synthesized ;
;                               ;           ;               ;          ;             ;
; out1Add_top[7]                ; Top       ; Output Port   ; n/a      ;             ;
;     -- out1Add_top[7]         ; Top       ; Output Pad    ; Unplaced ; Synthesized ;
;     -- out1Add_top[7]~output  ; Top       ; Output Buffer ; Unplaced ; Synthesized ;
;                               ;           ;               ;          ;             ;
; out2Add_top[0]                ; Top       ; Output Port   ; n/a      ;             ;
;     -- out2Add_top[0]         ; Top       ; Output Pad    ; Unplaced ; Synthesized ;
;     -- out2Add_top[0]~output  ; Top       ; Output Buffer ; Unplaced ; Synthesized ;
;                               ;           ;               ;          ;             ;
; out2Add_top[1]                ; Top       ; Output Port   ; n/a      ;             ;
;     -- out2Add_top[1]         ; Top       ; Output Pad    ; Unplaced ; Synthesized ;
;     -- out2Add_top[1]~output  ; Top       ; Output Buffer ; Unplaced ; Synthesized ;
;                               ;           ;               ;          ;             ;
; out2Add_top[2]                ; Top       ; Output Port   ; n/a      ;             ;
;     -- out2Add_top[2]         ; Top       ; Output Pad    ; Unplaced ; Synthesized ;
;     -- out2Add_top[2]~output  ; Top       ; Output Buffer ; Unplaced ; Synthesized ;
;                               ;           ;               ;          ;             ;
; out2Add_top[3]                ; Top       ; Output Port   ; n/a      ;             ;
;     -- out2Add_top[3]         ; Top       ; Output Pad    ; Unplaced ; Synthesized ;
;     -- out2Add_top[3]~output  ; Top       ; Output Buffer ; Unplaced ; Synthesized ;
;                               ;           ;               ;          ;             ;
; out2Add_top[4]                ; Top       ; Output Port   ; n/a      ;             ;
;     -- out2Add_top[4]         ; Top       ; Output Pad    ; Unplaced ; Synthesized ;
;     -- out2Add_top[4]~output  ; Top       ; Output Buffer ; Unplaced ; Synthesized ;
;                               ;           ;               ;          ;             ;
; out2Add_top[5]                ; Top       ; Output Port   ; n/a      ;             ;
;     -- out2Add_top[5]         ; Top       ; Output Pad    ; Unplaced ; Synthesized ;
;     -- out2Add_top[5]~output  ; Top       ; Output Buffer ; Unplaced ; Synthesized ;
;                               ;           ;               ;          ;             ;
; out2Add_top[6]                ; Top       ; Output Port   ; n/a      ;             ;
;     -- out2Add_top[6]         ; Top       ; Output Pad    ; Unplaced ; Synthesized ;
;     -- out2Add_top[6]~output  ; Top       ; Output Buffer ; Unplaced ; Synthesized ;
;                               ;           ;               ;          ;             ;
; out2Add_top[7]                ; Top       ; Output Port   ; n/a      ;             ;
;     -- out2Add_top[7]         ; Top       ; Output Pad    ; Unplaced ; Synthesized ;
;     -- out2Add_top[7]~output  ; Top       ; Output Buffer ; Unplaced ; Synthesized ;
;                               ;           ;               ;          ;             ;
; out3Add_top[0]                ; Top       ; Output Port   ; n/a      ;             ;
;     -- out3Add_top[0]         ; Top       ; Output Pad    ; Unplaced ; Synthesized ;
;     -- out3Add_top[0]~output  ; Top       ; Output Buffer ; Unplaced ; Synthesized ;
;                               ;           ;               ;          ;             ;
; out3Add_top[1]                ; Top       ; Output Port   ; n/a      ;             ;
;     -- out3Add_top[1]         ; Top       ; Output Pad    ; Unplaced ; Synthesized ;
;     -- out3Add_top[1]~output  ; Top       ; Output Buffer ; Unplaced ; Synthesized ;
;                               ;           ;               ;          ;             ;
; out3Add_top[2]                ; Top       ; Output Port   ; n/a      ;             ;
;     -- out3Add_top[2]         ; Top       ; Output Pad    ; Unplaced ; Synthesized ;
;     -- out3Add_top[2]~output  ; Top       ; Output Buffer ; Unplaced ; Synthesized ;
;                               ;           ;               ;          ;             ;
; out3Add_top[3]                ; Top       ; Output Port   ; n/a      ;             ;
;     -- out3Add_top[3]         ; Top       ; Output Pad    ; Unplaced ; Synthesized ;
;     -- out3Add_top[3]~output  ; Top       ; Output Buffer ; Unplaced ; Synthesized ;
;                               ;           ;               ;          ;             ;
; out3Add_top[4]                ; Top       ; Output Port   ; n/a      ;             ;
;     -- out3Add_top[4]         ; Top       ; Output Pad    ; Unplaced ; Synthesized ;
;     -- out3Add_top[4]~output  ; Top       ; Output Buffer ; Unplaced ; Synthesized ;
;                               ;           ;               ;          ;             ;
; out3Add_top[5]                ; Top       ; Output Port   ; n/a      ;             ;
;     -- out3Add_top[5]         ; Top       ; Output Pad    ; Unplaced ; Synthesized ;
;     -- out3Add_top[5]~output  ; Top       ; Output Buffer ; Unplaced ; Synthesized ;
;                               ;           ;               ;          ;             ;
; out3Add_top[6]                ; Top       ; Output Port   ; n/a      ;             ;
;     -- out3Add_top[6]         ; Top       ; Output Pad    ; Unplaced ; Synthesized ;
;     -- out3Add_top[6]~output  ; Top       ; Output Buffer ; Unplaced ; Synthesized ;
;                               ;           ;               ;          ;             ;
; out3Add_top[7]                ; Top       ; Output Port   ; n/a      ;             ;
;     -- out3Add_top[7]         ; Top       ; Output Pad    ; Unplaced ; Synthesized ;
;     -- out3Add_top[7]~output  ; Top       ; Output Buffer ; Unplaced ; Synthesized ;
;                               ;           ;               ;          ;             ;
; out4Add_top[0]                ; Top       ; Output Port   ; n/a      ;             ;
;     -- out4Add_top[0]         ; Top       ; Output Pad    ; Unplaced ; Synthesized ;
;     -- out4Add_top[0]~output  ; Top       ; Output Buffer ; Unplaced ; Synthesized ;
;                               ;           ;               ;          ;             ;
; out4Add_top[1]                ; Top       ; Output Port   ; n/a      ;             ;
;     -- out4Add_top[1]         ; Top       ; Output Pad    ; Unplaced ; Synthesized ;
;     -- out4Add_top[1]~output  ; Top       ; Output Buffer ; Unplaced ; Synthesized ;
;                               ;           ;               ;          ;             ;
; out4Add_top[2]                ; Top       ; Output Port   ; n/a      ;             ;
;     -- out4Add_top[2]         ; Top       ; Output Pad    ; Unplaced ; Synthesized ;
;     -- out4Add_top[2]~output  ; Top       ; Output Buffer ; Unplaced ; Synthesized ;
;                               ;           ;               ;          ;             ;
; out4Add_top[3]                ; Top       ; Output Port   ; n/a      ;             ;
;     -- out4Add_top[3]         ; Top       ; Output Pad    ; Unplaced ; Synthesized ;
;     -- out4Add_top[3]~output  ; Top       ; Output Buffer ; Unplaced ; Synthesized ;
;                               ;           ;               ;          ;             ;
; out4Add_top[4]                ; Top       ; Output Port   ; n/a      ;             ;
;     -- out4Add_top[4]         ; Top       ; Output Pad    ; Unplaced ; Synthesized ;
;     -- out4Add_top[4]~output  ; Top       ; Output Buffer ; Unplaced ; Synthesized ;
;                               ;           ;               ;          ;             ;
; out4Add_top[5]                ; Top       ; Output Port   ; n/a      ;             ;
;     -- out4Add_top[5]         ; Top       ; Output Pad    ; Unplaced ; Synthesized ;
;     -- out4Add_top[5]~output  ; Top       ; Output Buffer ; Unplaced ; Synthesized ;
;                               ;           ;               ;          ;             ;
; out4Add_top[6]                ; Top       ; Output Port   ; n/a      ;             ;
;     -- out4Add_top[6]         ; Top       ; Output Pad    ; Unplaced ; Synthesized ;
;     -- out4Add_top[6]~output  ; Top       ; Output Buffer ; Unplaced ; Synthesized ;
;                               ;           ;               ;          ;             ;
; out4Add_top[7]                ; Top       ; Output Port   ; n/a      ;             ;
;     -- out4Add_top[7]         ; Top       ; Output Pad    ; Unplaced ; Synthesized ;
;     -- out4Add_top[7]~output  ; Top       ; Output Buffer ; Unplaced ; Synthesized ;
;                               ;           ;               ;          ;             ;
; out5Add_top[0]                ; Top       ; Output Port   ; n/a      ;             ;
;     -- out5Add_top[0]         ; Top       ; Output Pad    ; Unplaced ; Synthesized ;
;     -- out5Add_top[0]~output  ; Top       ; Output Buffer ; Unplaced ; Synthesized ;
;                               ;           ;               ;          ;             ;
; out5Add_top[1]                ; Top       ; Output Port   ; n/a      ;             ;
;     -- out5Add_top[1]         ; Top       ; Output Pad    ; Unplaced ; Synthesized ;
;     -- out5Add_top[1]~output  ; Top       ; Output Buffer ; Unplaced ; Synthesized ;
;                               ;           ;               ;          ;             ;
; out5Add_top[2]                ; Top       ; Output Port   ; n/a      ;             ;
;     -- out5Add_top[2]         ; Top       ; Output Pad    ; Unplaced ; Synthesized ;
;     -- out5Add_top[2]~output  ; Top       ; Output Buffer ; Unplaced ; Synthesized ;
;                               ;           ;               ;          ;             ;
; out5Add_top[3]                ; Top       ; Output Port   ; n/a      ;             ;
;     -- out5Add_top[3]         ; Top       ; Output Pad    ; Unplaced ; Synthesized ;
;     -- out5Add_top[3]~output  ; Top       ; Output Buffer ; Unplaced ; Synthesized ;
;                               ;           ;               ;          ;             ;
; out5Add_top[4]                ; Top       ; Output Port   ; n/a      ;             ;
;     -- out5Add_top[4]         ; Top       ; Output Pad    ; Unplaced ; Synthesized ;
;     -- out5Add_top[4]~output  ; Top       ; Output Buffer ; Unplaced ; Synthesized ;
;                               ;           ;               ;          ;             ;
; out5Add_top[5]                ; Top       ; Output Port   ; n/a      ;             ;
;     -- out5Add_top[5]         ; Top       ; Output Pad    ; Unplaced ; Synthesized ;
;     -- out5Add_top[5]~output  ; Top       ; Output Buffer ; Unplaced ; Synthesized ;
;                               ;           ;               ;          ;             ;
; out5Add_top[6]                ; Top       ; Output Port   ; n/a      ;             ;
;     -- out5Add_top[6]         ; Top       ; Output Pad    ; Unplaced ; Synthesized ;
;     -- out5Add_top[6]~output  ; Top       ; Output Buffer ; Unplaced ; Synthesized ;
;                               ;           ;               ;          ;             ;
; out5Add_top[7]                ; Top       ; Output Port   ; n/a      ;             ;
;     -- out5Add_top[7]         ; Top       ; Output Pad    ; Unplaced ; Synthesized ;
;     -- out5Add_top[7]~output  ; Top       ; Output Buffer ; Unplaced ; Synthesized ;
;                               ;           ;               ;          ;             ;
; out6Add_top[0]                ; Top       ; Output Port   ; n/a      ;             ;
;     -- out6Add_top[0]         ; Top       ; Output Pad    ; Unplaced ; Synthesized ;
;     -- out6Add_top[0]~output  ; Top       ; Output Buffer ; Unplaced ; Synthesized ;
;                               ;           ;               ;          ;             ;
; out6Add_top[1]                ; Top       ; Output Port   ; n/a      ;             ;
;     -- out6Add_top[1]         ; Top       ; Output Pad    ; Unplaced ; Synthesized ;
;     -- out6Add_top[1]~output  ; Top       ; Output Buffer ; Unplaced ; Synthesized ;
;                               ;           ;               ;          ;             ;
; out6Add_top[2]                ; Top       ; Output Port   ; n/a      ;             ;
;     -- out6Add_top[2]         ; Top       ; Output Pad    ; Unplaced ; Synthesized ;
;     -- out6Add_top[2]~output  ; Top       ; Output Buffer ; Unplaced ; Synthesized ;
;                               ;           ;               ;          ;             ;
; out6Add_top[3]                ; Top       ; Output Port   ; n/a      ;             ;
;     -- out6Add_top[3]         ; Top       ; Output Pad    ; Unplaced ; Synthesized ;
;     -- out6Add_top[3]~output  ; Top       ; Output Buffer ; Unplaced ; Synthesized ;
;                               ;           ;               ;          ;             ;
; out6Add_top[4]                ; Top       ; Output Port   ; n/a      ;             ;
;     -- out6Add_top[4]         ; Top       ; Output Pad    ; Unplaced ; Synthesized ;
;     -- out6Add_top[4]~output  ; Top       ; Output Buffer ; Unplaced ; Synthesized ;
;                               ;           ;               ;          ;             ;
; out6Add_top[5]                ; Top       ; Output Port   ; n/a      ;             ;
;     -- out6Add_top[5]         ; Top       ; Output Pad    ; Unplaced ; Synthesized ;
;     -- out6Add_top[5]~output  ; Top       ; Output Buffer ; Unplaced ; Synthesized ;
;                               ;           ;               ;          ;             ;
; out6Add_top[6]                ; Top       ; Output Port   ; n/a      ;             ;
;     -- out6Add_top[6]         ; Top       ; Output Pad    ; Unplaced ; Synthesized ;
;     -- out6Add_top[6]~output  ; Top       ; Output Buffer ; Unplaced ; Synthesized ;
;                               ;           ;               ;          ;             ;
; out6Add_top[7]                ; Top       ; Output Port   ; n/a      ;             ;
;     -- out6Add_top[7]         ; Top       ; Output Pad    ; Unplaced ; Synthesized ;
;     -- out6Add_top[7]~output  ; Top       ; Output Buffer ; Unplaced ; Synthesized ;
;                               ;           ;               ;          ;             ;
; out7Add_top[0]                ; Top       ; Output Port   ; n/a      ;             ;
;     -- out7Add_top[0]         ; Top       ; Output Pad    ; Unplaced ; Synthesized ;
;     -- out7Add_top[0]~output  ; Top       ; Output Buffer ; Unplaced ; Synthesized ;
;                               ;           ;               ;          ;             ;
; out7Add_top[1]                ; Top       ; Output Port   ; n/a      ;             ;
;     -- out7Add_top[1]         ; Top       ; Output Pad    ; Unplaced ; Synthesized ;
;     -- out7Add_top[1]~output  ; Top       ; Output Buffer ; Unplaced ; Synthesized ;
;                               ;           ;               ;          ;             ;
; out7Add_top[2]                ; Top       ; Output Port   ; n/a      ;             ;
;     -- out7Add_top[2]         ; Top       ; Output Pad    ; Unplaced ; Synthesized ;
;     -- out7Add_top[2]~output  ; Top       ; Output Buffer ; Unplaced ; Synthesized ;
;                               ;           ;               ;          ;             ;
; out7Add_top[3]                ; Top       ; Output Port   ; n/a      ;             ;
;     -- out7Add_top[3]         ; Top       ; Output Pad    ; Unplaced ; Synthesized ;
;     -- out7Add_top[3]~output  ; Top       ; Output Buffer ; Unplaced ; Synthesized ;
;                               ;           ;               ;          ;             ;
; out7Add_top[4]                ; Top       ; Output Port   ; n/a      ;             ;
;     -- out7Add_top[4]         ; Top       ; Output Pad    ; Unplaced ; Synthesized ;
;     -- out7Add_top[4]~output  ; Top       ; Output Buffer ; Unplaced ; Synthesized ;
;                               ;           ;               ;          ;             ;
; out7Add_top[5]                ; Top       ; Output Port   ; n/a      ;             ;
;     -- out7Add_top[5]         ; Top       ; Output Pad    ; Unplaced ; Synthesized ;
;     -- out7Add_top[5]~output  ; Top       ; Output Buffer ; Unplaced ; Synthesized ;
;                               ;           ;               ;          ;             ;
; out7Add_top[6]                ; Top       ; Output Port   ; n/a      ;             ;
;     -- out7Add_top[6]         ; Top       ; Output Pad    ; Unplaced ; Synthesized ;
;     -- out7Add_top[6]~output  ; Top       ; Output Buffer ; Unplaced ; Synthesized ;
;                               ;           ;               ;          ;             ;
; out7Add_top[7]                ; Top       ; Output Port   ; n/a      ;             ;
;     -- out7Add_top[7]         ; Top       ; Output Pad    ; Unplaced ; Synthesized ;
;     -- out7Add_top[7]~output  ; Top       ; Output Buffer ; Unplaced ; Synthesized ;
;                               ;           ;               ;          ;             ;
; out8Add_top[0]                ; Top       ; Output Port   ; n/a      ;             ;
;     -- out8Add_top[0]         ; Top       ; Output Pad    ; Unplaced ; Synthesized ;
;     -- out8Add_top[0]~output  ; Top       ; Output Buffer ; Unplaced ; Synthesized ;
;                               ;           ;               ;          ;             ;
; out8Add_top[1]                ; Top       ; Output Port   ; n/a      ;             ;
;     -- out8Add_top[1]         ; Top       ; Output Pad    ; Unplaced ; Synthesized ;
;     -- out8Add_top[1]~output  ; Top       ; Output Buffer ; Unplaced ; Synthesized ;
;                               ;           ;               ;          ;             ;
; out8Add_top[2]                ; Top       ; Output Port   ; n/a      ;             ;
;     -- out8Add_top[2]         ; Top       ; Output Pad    ; Unplaced ; Synthesized ;
;     -- out8Add_top[2]~output  ; Top       ; Output Buffer ; Unplaced ; Synthesized ;
;                               ;           ;               ;          ;             ;
; out8Add_top[3]                ; Top       ; Output Port   ; n/a      ;             ;
;     -- out8Add_top[3]         ; Top       ; Output Pad    ; Unplaced ; Synthesized ;
;     -- out8Add_top[3]~output  ; Top       ; Output Buffer ; Unplaced ; Synthesized ;
;                               ;           ;               ;          ;             ;
; out8Add_top[4]                ; Top       ; Output Port   ; n/a      ;             ;
;     -- out8Add_top[4]         ; Top       ; Output Pad    ; Unplaced ; Synthesized ;
;     -- out8Add_top[4]~output  ; Top       ; Output Buffer ; Unplaced ; Synthesized ;
;                               ;           ;               ;          ;             ;
; out8Add_top[5]                ; Top       ; Output Port   ; n/a      ;             ;
;     -- out8Add_top[5]         ; Top       ; Output Pad    ; Unplaced ; Synthesized ;
;     -- out8Add_top[5]~output  ; Top       ; Output Buffer ; Unplaced ; Synthesized ;
;                               ;           ;               ;          ;             ;
; out8Add_top[6]                ; Top       ; Output Port   ; n/a      ;             ;
;     -- out8Add_top[6]         ; Top       ; Output Pad    ; Unplaced ; Synthesized ;
;     -- out8Add_top[6]~output  ; Top       ; Output Buffer ; Unplaced ; Synthesized ;
;                               ;           ;               ;          ;             ;
; out8Add_top[7]                ; Top       ; Output Port   ; n/a      ;             ;
;     -- out8Add_top[7]         ; Top       ; Output Pad    ; Unplaced ; Synthesized ;
;     -- out8Add_top[7]~output  ; Top       ; Output Buffer ; Unplaced ; Synthesized ;
;                               ;           ;               ;          ;             ;
; out9Add_top[0]                ; Top       ; Output Port   ; n/a      ;             ;
;     -- out9Add_top[0]         ; Top       ; Output Pad    ; Unplaced ; Synthesized ;
;     -- out9Add_top[0]~output  ; Top       ; Output Buffer ; Unplaced ; Synthesized ;
;                               ;           ;               ;          ;             ;
; out9Add_top[1]                ; Top       ; Output Port   ; n/a      ;             ;
;     -- out9Add_top[1]         ; Top       ; Output Pad    ; Unplaced ; Synthesized ;
;     -- out9Add_top[1]~output  ; Top       ; Output Buffer ; Unplaced ; Synthesized ;
;                               ;           ;               ;          ;             ;
; out9Add_top[2]                ; Top       ; Output Port   ; n/a      ;             ;
;     -- out9Add_top[2]         ; Top       ; Output Pad    ; Unplaced ; Synthesized ;
;     -- out9Add_top[2]~output  ; Top       ; Output Buffer ; Unplaced ; Synthesized ;
;                               ;           ;               ;          ;             ;
; out9Add_top[3]                ; Top       ; Output Port   ; n/a      ;             ;
;     -- out9Add_top[3]         ; Top       ; Output Pad    ; Unplaced ; Synthesized ;
;     -- out9Add_top[3]~output  ; Top       ; Output Buffer ; Unplaced ; Synthesized ;
;                               ;           ;               ;          ;             ;
; out9Add_top[4]                ; Top       ; Output Port   ; n/a      ;             ;
;     -- out9Add_top[4]         ; Top       ; Output Pad    ; Unplaced ; Synthesized ;
;     -- out9Add_top[4]~output  ; Top       ; Output Buffer ; Unplaced ; Synthesized ;
;                               ;           ;               ;          ;             ;
; out9Add_top[5]                ; Top       ; Output Port   ; n/a      ;             ;
;     -- out9Add_top[5]         ; Top       ; Output Pad    ; Unplaced ; Synthesized ;
;     -- out9Add_top[5]~output  ; Top       ; Output Buffer ; Unplaced ; Synthesized ;
;                               ;           ;               ;          ;             ;
; out9Add_top[6]                ; Top       ; Output Port   ; n/a      ;             ;
;     -- out9Add_top[6]         ; Top       ; Output Pad    ; Unplaced ; Synthesized ;
;     -- out9Add_top[6]~output  ; Top       ; Output Buffer ; Unplaced ; Synthesized ;
;                               ;           ;               ;          ;             ;
; out9Add_top[7]                ; Top       ; Output Port   ; n/a      ;             ;
;     -- out9Add_top[7]         ; Top       ; Output Pad    ; Unplaced ; Synthesized ;
;     -- out9Add_top[7]~output  ; Top       ; Output Buffer ; Unplaced ; Synthesized ;
;                               ;           ;               ;          ;             ;
; rst                           ; Top       ; Input Port    ; n/a      ;             ;
;     -- rst                    ; Top       ; Input Pad     ; Unplaced ; Synthesized ;
;     -- rst~input              ; Top       ; Input Buffer  ; Unplaced ; Synthesized ;
;                               ;           ;               ;          ;             ;
+-------------------------------+-----------+---------------+----------+-------------+


+---------------------------------------------------------+
; Partition Merge Resource Usage Summary                  ;
+---------------------------------------------+-----------+
; Resource                                    ; Usage     ;
+---------------------------------------------+-----------+
; Estimated Total logic elements              ; 5,598     ;
;                                             ;           ;
; Total combinational functions               ; 5162      ;
; Logic element usage by number of LUT inputs ;           ;
;     -- 4 input functions                    ; 4971      ;
;     -- 3 input functions                    ; 151       ;
;     -- <=2 input functions                  ; 40        ;
;                                             ;           ;
; Logic elements by mode                      ;           ;
;     -- normal mode                          ; 5162      ;
;     -- arithmetic mode                      ; 0         ;
;                                             ;           ;
; Total registers                             ; 950       ;
;     -- Dedicated logic registers            ; 950       ;
;     -- I/O registers                        ; 0         ;
;                                             ;           ;
; I/O pins                                    ; 194       ;
; Embedded Multiplier 9-bit elements          ; 0         ;
; Maximum fan-out node                        ; clk~input ;
; Maximum fan-out                             ; 950       ;
; Total fan-out                               ; 23587     ;
; Average fan-out                             ; 3.63      ;
+---------------------------------------------+-----------+


+--------------------------+
; Partition Merge Messages ;
+--------------------------+
Info: *******************************************************************
Info: Running Quartus II 64-Bit Partition Merge
    Info: Version 13.0.0 Build 156 04/24/2013 SJ Web Edition
    Info: Processing started: Tue Nov 19 15:53:56 2019
Info: Command: quartus_cdb --read_settings_files=off --write_settings_files=off Conecta_topo -c Conecta_topo --merge=on
Info (35007): Using synthesis netlist for partition "Top"
Info (35002): Resolved and merged 1 partition(s)
Info (16010): Generating hard_block partition "hard_block:auto_generated_inst"
    Info (16011): Adding 0 node(s), including 0 DDIO, 0 PLL, 0 transceiver and 0 LCELL
Info (21057): Implemented 5805 device resources after synthesis - the final resource count might be different
    Info (21058): Implemented 66 input pins
    Info (21059): Implemented 128 output pins
    Info (21061): Implemented 5611 logic cells
Info: Quartus II 64-Bit Partition Merge was successful. 0 errors, 0 warnings
    Info: Peak virtual memory: 4585 megabytes
    Info: Processing ended: Tue Nov 19 15:53:58 2019
    Info: Elapsed time: 00:00:02
    Info: Total CPU time (on all processors): 00:00:01


